[2026-08-06 14:37:24 JST] ET 01:37 outside the 15:00-15:59 RTH window — skip
[2026-08-07 04:00:05 JST] already logged for 2026-08-06 — skip
[2026-08-07 05:00:02 JST] ET 16:00 outside the 15:00-15:59 RTH window — skip
[2026-08-08 04:00:04 JST] measuring skew for 2026-08-07 (ET 15:00)
Error 200, reqId 80: No security definition has been found for the request, contract: Option(symbol='QQQ', lastTradeDateOrContractMonth='20260904', strike=717.5, right='C', exchange='SMART', tradingClass='QQQ')
Error 200, reqId 81: No security definition has been found for the request, contract: Option(symbol='QQQ', lastTradeDateOrContractMonth='20260904', strike=717.5, right='P', exchange='SMART', tradingClass='QQQ')
Error 200, reqId 92: No security definition has been found for the request, contract: Option(symbol='QQQ', lastTradeDateOrContractMonth='20260904', strike=722.5, right='C', exchange='SMART', tradingClass='QQQ')
Error 200, reqId 93: No security definition has been found for the request, contract: Option(symbol='QQQ', lastTradeDateOrContractMonth='20260904', strike=722.5, right='P', exchange='SMART', tradingClass='QQQ')
Unknown contract: Option(symbol='QQQ', lastTradeDateOrContractMonth='20260904', strike=717.5, right='C', exchange='SMART', tradingClass='QQQ')
Unknown contract: Option(symbol='QQQ', lastTradeDateOrContractMonth='20260904', strike=717.5, right='P', exchange='SMART', tradingClass='QQQ')
Unknown contract: Option(symbol='QQQ', lastTradeDateOrContractMonth='20260904', strike=722.5, right='C', exchange='SMART', tradingClass='QQQ')
Unknown contract: Option(symbol='QQQ', lastTradeDateOrContractMonth='20260904', strike=722.5, right='P', exchange='SMART', tradingClass='QQQ')
Error 200, reqId 151: No security definition has been found for the request, contract: Option(symbol='DIA', lastTradeDateOrContractMonth='20260904', strike=537.5, right='C', exchange='SMART', tradingClass='DIA')
Error 200, reqId 152: No security definition has been found for the request, contract: Option(symbol='DIA', lastTradeDateOrContractMonth='20260904', strike=537.5, right='P', exchange='SMART', tradingClass='DIA')
Error 200, reqId 163: No security definition has been found for the request, contract: Option(symbol='DIA', lastTradeDateOrContractMonth='20260904', strike=542.5, right='C', exchange='SMART', tradingClass='DIA')
Error 200, reqId 164: No security definition has been found for the request, contract: Option(symbol='DIA', lastTradeDateOrContractMonth='20260904', strike=542.5, right='P', exchange='SMART', tradingClass='DIA')
Unknown contract: Option(symbol='DIA', lastTradeDateOrContractMonth='20260904', strike=537.5, right='C', exchange='SMART', tradingClass='DIA')
Unknown contract: Option(symbol='DIA', lastTradeDateOrContractMonth='20260904', strike=537.5, right='P', exchange='SMART', tradingClass='DIA')
Unknown contract: Option(symbol='DIA', lastTradeDateOrContractMonth='20260904', strike=542.5, right='C', exchange='SMART', tradingClass='DIA')
Unknown contract: Option(symbol='DIA', lastTradeDateOrContractMonth='20260904', strike=542.5, right='P', exchange='SMART', tradingClass='DIA')
Error 200, reqId 190: No security definition has been found for the request, contract: Option(symbol='DIA', lastTradeDateOrContractMonth='20260904', strike=552.5, right='P', exchange='SMART', tradingClass='DIA')
Error 200, reqId 189: No security definition has been found for the request, contract: Option(symbol='DIA', lastTradeDateOrContractMonth='20260904', strike=552.5, right='C', exchange='SMART', tradingClass='DIA')
Unknown contract: Option(symbol='DIA', lastTradeDateOrContractMonth='20260904', strike=552.5, right='C', exchange='SMART', tradingClass='DIA')
Unknown contract: Option(symbol='DIA', lastTradeDateOrContractMonth='20260904', strike=552.5, right='P', exchange='SMART', tradingClass='DIA')
skew log @ 2026-08-07 15:00 ET  target 30 DTE
  SPY  20260904 (28d)  spot 771.76  ATM 12.48%  callskew -1.10  RR -2.62   -> 75th pct of n=2  [THIN]
  QQQ  20260904 (28d)  spot 720.69  ATM 20.24%  callskew -1.33  RR -3.48   -> 75th pct of n=2  [THIN]
  DIA  20260904 (28d)  spot 538.98  ATM 12.19%  callskew -0.34  RR -1.15   -> 75th pct of n=2  [THIN]

3 new row(s) -> data/reference/skew_log.jsonl
[2026-08-08 04:01:54 JST] exit 0
[2026-08-08 05:00:05 JST] ET 16:00 outside the 15:00-15:59 RTH window — skip
[2026-08-09 04:00:05 JST] weekend — skip
[2026-08-09 05:00:01 JST] weekend — skip
[2026-08-10 04:00:02 JST] weekend — skip
[2026-08-10 05:00:05 JST] weekend — skip
[2026-08-11 04:08:49 JST] measuring skew for 2026-08-10 (ET 15:08)
completed orders request timed out
account updates for U20120333 request timed out
account updates for U26852442 request timed out
account updates for U7552071 request timed out
Error 1100, reqId -1: Connectivity between IBKR and Trader Workstation has been lost.
Error 1102, reqId -1: Connectivity between IBKR and Trader Workstation has been restored - data maintained. The following farms are connected: secdefnj. The following farms are not connected: usfarm.nj; usfuture; usopt; usfarm; ushmds.
Error 1100, reqId -1: Connectivity between IBKR and Trader Workstation has been lost.
Error 1100, reqId -1: Connectivity between IBKR and Trader Workstation has been lost.
Error 1102, reqId -1: Connectivity between IBKR and Trader Workstation has been restored - data maintained. All data farms are connected: usfarm.nj; usfuture; usopt; usfarm; ushmds; secdefnj.
Error 1100, reqId -1: Connectivity between IBKR and Trader Workstation has been lost.
Error 1100, reqId -1: Connectivity between IBKR and Trader Workstation has been lost.
Error 1102, reqId -1: Connectivity between IBKR and Trader Workstation has been restored - data maintained. All data farms are connected: usfarm.nj; usfuture; usopt; usfarm; ushmds; secdefnj.
Error 322, reqId 9: Error processing request.-'bX' : cause - Maximum number of account summary requests exceeded; desubscribe to previous request first
Peer closed connection.
skew log @ 2026-08-10 15:18 ET  target 30 DTE
  SPY: ConnectionError: Socket disconnect
  QQQ: ConnectionError: Not connected
  DIA: ConnectionError: Not connected

0 new row(s) -> data/reference/skew_log.jsonl
[2026-08-12 06:00:05 JST] exit 0
[2026-08-13 04:00:05 JST] measuring skew for 2026-08-12 (ET 15:00)
Error 200, reqId 82: No security definition has been found for the request, contract: Option(symbol='QQQ', lastTradeDateOrContractMonth='20260911', strike=722.5, right='C', exchange='SMART', tradingClass='QQQ')
Error 200, reqId 83: No security definition has been found for the request, contract: Option(symbol='QQQ', lastTradeDateOrContractMonth='20260911', strike=722.5, right='P', exchange='SMART', tradingClass='QQQ')
Error 200, reqId 94: No security definition has been found for the request, contract: Option(symbol='QQQ', lastTradeDateOrContractMonth='20260911', strike=727.5, right='C', exchange='SMART', tradingClass='QQQ')
Error 200, reqId 95: No security definition has been found for the request, contract: Option(symbol='QQQ', lastTradeDateOrContractMonth='20260911', strike=727.5, right='P', exchange='SMART', tradingClass='QQQ')
Unknown contract: Option(symbol='QQQ', lastTradeDateOrContractMonth='20260911', strike=722.5, right='C', exchange='SMART', tradingClass='QQQ')
Unknown contract: Option(symbol='QQQ', lastTradeDateOrContractMonth='20260911', strike=722.5, right='P', exchange='SMART', tradingClass='QQQ')
Unknown contract: Option(symbol='QQQ', lastTradeDateOrContractMonth='20260911', strike=727.5, right='C', exchange='SMART', tradingClass='QQQ')
Unknown contract: Option(symbol='QQQ', lastTradeDateOrContractMonth='20260911', strike=727.5, right='P', exchange='SMART', tradingClass='QQQ')
Error 200, reqId 155: No security definition has been found for the request, contract: Option(symbol='DIA', lastTradeDateOrContractMonth='20260911', strike=537.5, right='C', exchange='SMART', tradingClass='DIA')
Error 200, reqId 156: No security definition has been found for the request, contract: Option(symbol='DIA', lastTradeDateOrContractMonth='20260911', strike=537.5, right='P', exchange='SMART', tradingClass='DIA')
Unknown contract: Option(symbol='DIA', lastTradeDateOrContractMonth='20260911', strike=537.5, right='C', exchange='SMART', tradingClass='DIA')
Unknown contract: Option(symbol='DIA', lastTradeDateOrContractMonth='20260911', strike=537.5, right='P', exchange='SMART', tradingClass='DIA')
Error 200, reqId 193: No security definition has been found for the request, contract: Option(symbol='DIA', lastTradeDateOrContractMonth='20260911', strike=552.5, right='C', exchange='SMART', tradingClass='DIA')
Error 200, reqId 194: No security definition has been found for the request, contract: Option(symbol='DIA', lastTradeDateOrContractMonth='20260911', strike=552.5, right='P', exchange='SMART', tradingClass='DIA')
Unknown contract: Option(symbol='DIA', lastTradeDateOrContractMonth='20260911', strike=552.5, right='C', exchange='SMART', tradingClass='DIA')
Unknown contract: Option(symbol='DIA', lastTradeDateOrContractMonth='20260911', strike=552.5, right='P', exchange='SMART', tradingClass='DIA')
skew log @ 2026-08-12 15:00 ET  target 30 DTE
  SPY  20260911 (30d)  spot 773.11  ATM 12.22%  callskew -1.16  RR -2.71   -> 50th pct of n=3  [THIN]
  QQQ  20260911 (30d)  spot 724.90  ATM 18.64%  callskew -1.41  RR -3.51   -> 50th pct of n=3  [THIN]
  DIA  20260911 (30d)  spot 537.92  ATM 11.87%  callskew -0.36  RR -1.29   -> 50th pct of n=3  [THIN]

3 new row(s) -> data/reference/skew_log.jsonl
[2026-08-13 04:01:55 JST] exit 0
[2026-08-13 05:00:04 JST] ET 16:00 outside the 15:00-15:59 RTH window — skip
[2026-08-14 04:00:03 JST] measuring skew for 2026-08-13 (ET 15:00)
positions request timed out
open orders request timed out
completed orders request timed out
account updates for U20120333 request timed out
account updates for U26852442 request timed out
account updates for U7199575 request timed out
account updates for U7552071 request timed out
executions request timed out
Peer closed connection.
skew log @ 2026-08-13 15:00 ET  target 30 DTE
  SPY: ConnectionError: Socket disconnect
  QQQ: ConnectionError: Not connected
  DIA: ConnectionError: Not connected

0 new row(s) -> data/reference/skew_log.jsonl
[2026-08-14 06:00:02 JST] exit 0
[2026-08-15 04:00:02 JST] measuring skew for 2026-08-14 (ET 15:00)
Error 200, reqId 82: No security definition has been found for the request, contract: Option(symbol='QQQ', lastTradeDateOrContractMonth='20260911', strike=727.5, right='C', exchange='SMART', tradingClass='QQQ')
Error 200, reqId 83: No security definition has been found for the request, contract: Option(symbol='QQQ', lastTradeDateOrContractMonth='20260911', strike=727.5, right='P', exchange='SMART', tradingClass='QQQ')
Error 200, reqId 94: No security definition has been found for the request, contract: Option(symbol='QQQ', lastTradeDateOrContractMonth='20260911', strike=732.5, right='C', exchange='SMART', tradingClass='QQQ')
Error 200, reqId 95: No security definition has been found for the request, contract: Option(symbol='QQQ', lastTradeDateOrContractMonth='20260911', strike=732.5, right='P', exchange='SMART', tradingClass='QQQ')
Unknown contract: Option(symbol='QQQ', lastTradeDateOrContractMonth='20260911', strike=727.5, right='C', exchange='SMART', tradingClass='QQQ')
Unknown contract: Option(symbol='QQQ', lastTradeDateOrContractMonth='20260911', strike=727.5, right='P', exchange='SMART', tradingClass='QQQ')
Unknown contract: Option(symbol='QQQ', lastTradeDateOrContractMonth='20260911', strike=732.5, right='C', exchange='SMART', tradingClass='QQQ')
Unknown contract: Option(symbol='QQQ', lastTradeDateOrContractMonth='20260911', strike=732.5, right='P', exchange='SMART', tradingClass='QQQ')
Error 200, reqId 155: No security definition has been found for the request, contract: Option(symbol='DIA', lastTradeDateOrContractMonth='20260911', strike=537.5, right='C', exchange='SMART', tradingClass='DIA')
Error 200, reqId 156: No security definition has been found for the request, contract: Option(symbol='DIA', lastTradeDateOrContractMonth='20260911', strike=537.5, right='P', exchange='SMART', tradingClass='DIA')
Unknown contract: Option(symbol='DIA', lastTradeDateOrContractMonth='20260911', strike=537.5, right='C', exchange='SMART', tradingClass='DIA')
Unknown contract: Option(symbol='DIA', lastTradeDateOrContractMonth='20260911', strike=537.5, right='P', exchange='SMART', tradingClass='DIA')
skew log @ 2026-08-14 15:00 ET  target 30 DTE
  SPY  20260911 (28d)  spot 776.17  ATM 11.80%  callskew -1.21  RR -2.82   -> 38th pct of n=4  [THIN]
  QQQ  20260911 (28d)  spot 729.61  ATM 18.23%  callskew -1.40  RR -3.54   -> 62th pct of n=4  [THIN]
  DIA  20260911 (28d)  spot 537.35  ATM 11.26%  callskew -0.52  RR -1.42   -> 12th pct of n=4  [THIN]

3 new row(s) -> data/reference/skew_log.jsonl
[2026-08-15 04:01:50 JST] exit 0
[2026-08-15 05:00:01 JST] ET 16:00 outside the 15:00-15:59 RTH window — skip
[2026-08-16 04:00:01 JST] weekend — skip
[2026-08-16 05:00:05 JST] weekend — skip
[2026-08-18 04:00:03 JST] measuring skew for 2026-08-17 (ET 15:00)
Error 200, reqId 80: No security definition has been found for the request, contract: Option(symbol='QQQ', lastTradeDateOrContractMonth='20260918', strike=727.5, right='C', exchange='SMART', tradingClass='QQQ')
Error 200, reqId 81: No security definition has been found for the request, contract: Option(symbol='QQQ', lastTradeDateOrContractMonth='20260918', strike=727.5, right='P', exchange='SMART', tradingClass='QQQ')
Error 200, reqId 93: No security definition has been found for the request, contract: Option(symbol='QQQ', lastTradeDateOrContractMonth='20260918', strike=732.5, right='P', exchange='SMART', tradingClass='QQQ')
Error 200, reqId 92: No security definition has been found for the request, contract: Option(symbol='QQQ', lastTradeDateOrContractMonth='20260918', strike=732.5, right='C', exchange='SMART', tradingClass='QQQ')
Unknown contract: Option(symbol='QQQ', lastTradeDateOrContractMonth='20260918', strike=727.5, right='C', exchange='SMART', tradingClass='QQQ')
Unknown contract: Option(symbol='QQQ', lastTradeDateOrContractMonth='20260918', strike=727.5, right='P', exchange='SMART', tradingClass='QQQ')
Unknown contract: Option(symbol='QQQ', lastTradeDateOrContractMonth='20260918', strike=732.5, right='C', exchange='SMART', tradingClass='QQQ')
Unknown contract: Option(symbol='QQQ', lastTradeDateOrContractMonth='20260918', strike=732.5, right='P', exchange='SMART', tradingClass='QQQ')
Error 200, reqId 122: No security definition has been found for the request, contract: Option(symbol='QQQ', lastTradeDateOrContractMonth='20260918', strike=761.0, right='C', exchange='SMART', tradingClass='QQQ')
Error 200, reqId 123: No security definition has been found for the request, contract: Option(symbol='QQQ', lastTradeDateOrContractMonth='20260918', strike=761.0, right='P', exchange='SMART', tradingClass='QQQ')
Error 200, reqId 124: No security definition has been found for the request, contract: Option(symbol='QQQ', lastTradeDateOrContractMonth='20260918', strike=762.0, right='C', exchange='SMART', tradingClass='QQQ')
Error 200, reqId 125: No security definition has been found for the request, contract: Option(symbol='QQQ', lastTradeDateOrContractMonth='20260918', strike=762.0, right='P', exchange='SMART', tradingClass='QQQ')
Error 200, reqId 127: No security definition has been found for the request, contract: Option(symbol='QQQ', lastTradeDateOrContractMonth='20260918', strike=763.0, right='P', exchange='SMART', tradingClass='QQQ')
Error 200, reqId 126: No security definition has been found for the request, contract: Option(symbol='QQQ', lastTradeDateOrContractMonth='20260918', strike=763.0, right='C', exchange='SMART', tradingClass='QQQ')
Unknown contract: Option(symbol='QQQ', lastTradeDateOrContractMonth='20260918', strike=761.0, right='C', exchange='SMART', tradingClass='QQQ')
Unknown contract: Option(symbol='QQQ', lastTradeDateOrContractMonth='20260918', strike=761.0, right='P', exchange='SMART', tradingClass='QQQ')
Unknown contract: Option(symbol='QQQ', lastTradeDateOrContractMonth='20260918', strike=762.0, right='C', exchange='SMART', tradingClass='QQQ')
Unknown contract: Option(symbol='QQQ', lastTradeDateOrContractMonth='20260918', strike=762.0, right='P', exchange='SMART', tradingClass='QQQ')
Unknown contract: Option(symbol='QQQ', lastTradeDateOrContractMonth='20260918', strike=763.0, right='C', exchange='SMART', tradingClass='QQQ')
Unknown contract: Option(symbol='QQQ', lastTradeDateOrContractMonth='20260918', strike=763.0, right='P', exchange='SMART', tradingClass='QQQ')
Error 200, reqId 146: No security definition has been found for the request, contract: Option(symbol='DIA', lastTradeDateOrContractMonth='20260918', strike=532.5, right='P', exchange='SMART', tradingClass='DIA')
Error 200, reqId 145: No security definition has been found for the request, contract: Option(symbol='DIA', lastTradeDateOrContractMonth='20260918', strike=532.5, right='C', exchange='SMART', tradingClass='DIA')
Error 200, reqId 157: No security definition has been found for the request, contract: Option(symbol='DIA', lastTradeDateOrContractMonth='20260918', strike=537.5, right='C', exchange='SMART', tradingClass='DIA')
Error 200, reqId 158: No security definition has been found for the request, contract: Option(symbol='DIA', lastTradeDateOrContractMonth='20260918', strike=537.5, right='P', exchange='SMART', tradingClass='DIA')
Unknown contract: Option(symbol='DIA', lastTradeDateOrContractMonth='20260918', strike=532.5, right='C', exchange='SMART', tradingClass='DIA')
Unknown contract: Option(symbol='DIA', lastTradeDateOrContractMonth='20260918', strike=532.5, right='P', exchange='SMART', tradingClass='DIA')
Unknown contract: Option(symbol='DIA', lastTradeDateOrContractMonth='20260918', strike=537.5, right='C', exchange='SMART', tradingClass='DIA')
Unknown contract: Option(symbol='DIA', lastTradeDateOrContractMonth='20260918', strike=537.5, right='P', exchange='SMART', tradingClass='DIA')
Error 200, reqId 177: No security definition has been found for the request, contract: Option(symbol='DIA', lastTradeDateOrContractMonth='20260918', strike=522.5, right='C', exchange='SMART', tradingClass='DIA')
Error 200, reqId 178: No security definition has been found for the request, contract: Option(symbol='DIA', lastTradeDateOrContractMonth='20260918', strike=522.5, right='P', exchange='SMART', tradingClass='DIA')
Error 200, reqId 182: No security definition has been found for the request, contract: Option(symbol='DIA', lastTradeDateOrContractMonth='20260918', strike=547.5, right='P', exchange='SMART', tradingClass='DIA')
Error 200, reqId 181: No security definition has been found for the request, contract: Option(symbol='DIA', lastTradeDateOrContractMonth='20260918', strike=547.5, right='C', exchange='SMART', tradingClass='DIA')
Unknown contract: Option(symbol='DIA', lastTradeDateOrContractMonth='20260918', strike=522.5, right='C', exchange='SMART', tradingClass='DIA')
Unknown contract: Option(symbol='DIA', lastTradeDateOrContractMonth='20260918', strike=522.5, right='P', exchange='SMART', tradingClass='DIA')
Unknown contract: Option(symbol='DIA', lastTradeDateOrContractMonth='20260918', strike=547.5, right='C', exchange='SMART', tradingClass='DIA')
Unknown contract: Option(symbol='DIA', lastTradeDateOrContractMonth='20260918', strike=547.5, right='P', exchange='SMART', tradingClass='DIA')
skew log @ 2026-08-17 15:00 ET  target 30 DTE
  SPY  20260918 (32d)  spot 773.52  ATM 12.83%  callskew -1.71  RR -3.83   -> 10th pct of n=5  [THIN]
  QQQ  20260918 (32d)  spot 730.63  ATM 18.69%  callskew -1.83  RR -4.31   -> 10th pct of n=5  [THIN]
  DIA  20260918 (32d)  spot 534.25  ATM 12.41%  callskew -0.97  RR -2.28   -> 10th pct of n=5  [THIN]

3 new row(s) -> data/reference/skew_log.jsonl
[2026-08-18 04:01:55 JST] exit 0
[2026-08-18 05:00:02 JST] ET 16:00 outside the 15:00-15:59 RTH window — skip
[2026-08-19 04:00:01 JST] measuring skew for 2026-08-18 (ET 15:00)
Error 200, reqId 88: No security definition has been found for the request, contract: Option(symbol='QQQ', lastTradeDateOrContractMonth='20260918', strike=717.5, right='C', exchange='SMART', tradingClass='QQQ')
Error 200, reqId 89: No security definition has been found for the request, contract: Option(symbol='QQQ', lastTradeDateOrContractMonth='20260918', strike=717.5, right='P', exchange='SMART', tradingClass='QQQ')
Unknown contract: Option(symbol='QQQ', lastTradeDateOrContractMonth='20260918', strike=717.5, right='C', exchange='SMART', tradingClass='QQQ')
Unknown contract: Option(symbol='QQQ', lastTradeDateOrContractMonth='20260918', strike=717.5, right='P', exchange='SMART', tradingClass='QQQ')
Error 200, reqId 156: No security definition has been found for the request, contract: Option(symbol='DIA', lastTradeDateOrContractMonth='20260918', strike=532.5, right='P', exchange='SMART', tradingClass='DIA')
Error 200, reqId 155: No security definition has been found for the request, contract: Option(symbol='DIA', lastTradeDateOrContractMonth='20260918', strike=532.5, right='C', exchange='SMART', tradingClass='DIA')
Unknown contract: Option(symbol='DIA', lastTradeDateOrContractMonth='20260918', strike=532.5, right='C', exchange='SMART', tradingClass='DIA')
Unknown contract: Option(symbol='DIA', lastTradeDateOrContractMonth='20260918', strike=532.5, right='P', exchange='SMART', tradingClass='DIA')
Error 200, reqId 189: No security definition has been found for the request, contract: Option(symbol='DIA', lastTradeDateOrContractMonth='20260918', strike=522.5, right='C', exchange='SMART', tradingClass='DIA')
Error 200, reqId 190: No security definition has been found for the request, contract: Option(symbol='DIA', lastTradeDateOrContractMonth='20260918', strike=522.5, right='P', exchange='SMART', tradingClass='DIA')
Error 200, reqId 195: No security definition has been found for the request, contract: Option(symbol='DIA', lastTradeDateOrContractMonth='20260918', strike=547.5, right='C', exchange='SMART', tradingClass='DIA')
Error 200, reqId 196: No security definition has been found for the request, contract: Option(symbol='DIA', lastTradeDateOrContractMonth='20260918', strike=547.5, right='P', exchange='SMART', tradingClass='DIA')
Unknown contract: Option(symbol='DIA', lastTradeDateOrContractMonth='20260918', strike=522.5, right='C', exchange='SMART', tradingClass='DIA')
Unknown contract: Option(symbol='DIA', lastTradeDateOrContractMonth='20260918', strike=522.5, right='P', exchange='SMART', tradingClass='DIA')
Unknown contract: Option(symbol='DIA', lastTradeDateOrContractMonth='20260918', strike=547.5, right='C', exchange='SMART', tradingClass='DIA')
Unknown contract: Option(symbol='DIA', lastTradeDateOrContractMonth='20260918', strike=547.5, right='P', exchange='SMART', tradingClass='DIA')
skew log @ 2026-08-18 15:00 ET  target 30 DTE
  SPY  20260918 (31d)  spot 767.68  ATM 13.09%  callskew -1.99  RR -4.35   -> 8th pct of n=6  [THIN]
  QQQ  20260918 (31d)  spot 717.29  ATM 19.64%  callskew -2.43  RR -5.28   -> 8th pct of n=6  [THIN]
  DIA  20260918 (31d)  spot 533.28  ATM 12.52%  callskew -1.20  RR -2.85   -> 8th pct of n=6  [THIN]

3 new row(s) -> data/reference/skew_log.jsonl
[2026-08-19 04:01:50 JST] exit 0
[2026-08-19 05:00:04 JST] ET 16:00 outside the 15:00-15:59 RTH window — skip
[2026-08-20 04:00:05 JST] measuring skew for 2026-08-19 (ET 15:00)
Error 200, reqId 90: No security definition has been found for the request, contract: Option(symbol='QQQ', lastTradeDateOrContractMonth='20260918', strike=717.5, right='C', exchange='SMART', tradingClass='QQQ')
Error 200, reqId 91: No security definition has been found for the request, contract: Option(symbol='QQQ', lastTradeDateOrContractMonth='20260918', strike=717.5, right='P', exchange='SMART', tradingClass='QQQ')
Unknown contract: Option(symbol='QQQ', lastTradeDateOrContractMonth='20260918', strike=717.5, right='C', exchange='SMART', tradingClass='QQQ')
Unknown contract: Option(symbol='QQQ', lastTradeDateOrContractMonth='20260918', strike=717.5, right='P', exchange='SMART', tradingClass='QQQ')
Error 200, reqId 153: No security definition has been found for the request, contract: Option(symbol='DIA', lastTradeDateOrContractMonth='20260918', strike=532.5, right='C', exchange='SMART', tradingClass='DIA')
Error 200, reqId 154: No security definition has been found for the request, contract: Option(symbol='DIA', lastTradeDateOrContractMonth='20260918', strike=532.5, right='P', exchange='SMART', tradingClass='DIA')
Error 200, reqId 165: No security definition has been found for the request, contract: Option(symbol='DIA', lastTradeDateOrContractMonth='20260918', strike=537.5, right='C', exchange='SMART', tradingClass='DIA')
Error 200, reqId 166: No security definition has been found for the request, contract: Option(symbol='DIA', lastTradeDateOrContractMonth='20260918', strike=537.5, right='P', exchange='SMART', tradingClass='DIA')
Unknown contract: Option(symbol='DIA', lastTradeDateOrContractMonth='20260918', strike=532.5, right='C', exchange='SMART', tradingClass='DIA')
Unknown contract: Option(symbol='DIA', lastTradeDateOrContractMonth='20260918', strike=532.5, right='P', exchange='SMART', tradingClass='DIA')
Unknown contract: Option(symbol='DIA', lastTradeDateOrContractMonth='20260918', strike=537.5, right='C', exchange='SMART', tradingClass='DIA')
Unknown contract: Option(symbol='DIA', lastTradeDateOrContractMonth='20260918', strike=537.5, right='P', exchange='SMART', tradingClass='DIA')
Error 200, reqId 186: No security definition has been found for the request, contract: Option(symbol='DIA', lastTradeDateOrContractMonth='20260918', strike=522.5, right='P', exchange='SMART', tradingClass='DIA')
Error 200, reqId 185: No security definition has been found for the request, contract: Option(symbol='DIA', lastTradeDateOrContractMonth='20260918', strike=522.5, right='C', exchange='SMART', tradingClass='DIA')
Error 200, reqId 193: No security definition has been found for the request, contract: Option(symbol='DIA', lastTradeDateOrContractMonth='20260918', strike=547.5, right='C', exchange='SMART', tradingClass='DIA')
Error 200, reqId 194: No security definition has been found for the request, contract: Option(symbol='DIA', lastTradeDateOrContractMonth='20260918', strike=547.5, right='P', exchange='SMART', tradingClass='DIA')
Unknown contract: Option(symbol='DIA', lastTradeDateOrContractMonth='20260918', strike=522.5, right='C', exchange='SMART', tradingClass='DIA')
Unknown contract: Option(symbol='DIA', lastTradeDateOrContractMonth='20260918', strike=522.5, right='P', exchange='SMART', tradingClass='DIA')
Unknown contract: Option(symbol='DIA', lastTradeDateOrContractMonth='20260918', strike=547.5, right='C', exchange='SMART', tradingClass='DIA')
Unknown contract: Option(symbol='DIA', lastTradeDateOrContractMonth='20260918', strike=547.5, right='P', exchange='SMART', tradingClass='DIA')
skew log @ 2026-08-19 15:00 ET  target 30 DTE
  SPY  20260918 (30d)  spot 769.55  ATM 12.57%  callskew -1.76  RR -3.91   -> 21th pct of n=7  [THIN]
  QQQ  20260918 (30d)  spot 716.42  ATM 19.35%  callskew -2.10  RR -4.67   -> 21th pct of n=7  [THIN]
  DIA  20260918 (30d)  spot 534.02  ATM 12.17%  callskew -1.04  RR -2.48   -> 21th pct of n=7  [THIN]

3 new row(s) -> data/reference/skew_log.jsonl
[2026-08-20 04:01:49 JST] exit 0
[2026-08-20 05:00:03 JST] ET 16:00 outside the 15:00-15:59 RTH window — skip
[2026-08-21 04:00:02 JST] measuring skew for 2026-08-20 (ET 15:00)
positions request timed out
open orders request timed out
completed orders request timed out
account updates for U20120333 request timed out
account updates for U26852442 request timed out
account updates for U7199575 request timed out
account updates for U7552071 request timed out
executions request timed out
Peer closed connection.
skew log @ 2026-08-20 15:00 ET  target 30 DTE
  SPY: ConnectionError: Socket disconnect
  QQQ: ConnectionError: Not connected
  DIA: ConnectionError: Not connected

0 new row(s) -> data/reference/skew_log.jsonl
[2026-08-21 06:00:06 JST] exit 0
